**********************************************************************
** Visual Studio 2022 Developer Command Prompt v17.13.7
** Copyright (c) 2022 Microsoft Corporation
**********************************************************************
[vcvarsall.bat] Environment initialized for: 'x64'
-- Selecting Windows SDK version 10.0.22000.0 to target Windows 10.0.26100.
-- Using Win32 for window creation
-- Configuring done (2.2s)
-- Generating done (0.2s)
-- Build files have been written to: C:/cpp-vulkan-hip-engine/build
MSBuild version 17.13.26+f3741e9cf for .NET Framework

  glfw.vcxproj -> C:\cpp-vulkan-hip-engine\build\_deps\glfw-build\src\Release\glfw3.lib
  VulkanEngine.cpp
C:\cpp-vulkan-hip-engine\src\VulkanEngine.cpp(1201,25): warning C4267: 'argument': conversion from 'size_t' to 'uint32_t', possible loss of data [C:\cpp-vulkan-hip-engine\build\vulkan-engine.vcxproj]
  vulkan-engine.vcxproj -> C:\cpp-vulkan-hip-engine\build\Release\vulkan-engine.exe
..\shaders\frag.spv
..\shaders\vert.spv
        2 file(s) copied.
Build completed. Executable is in build\Release\vulkan-engine.exe 
